<testsuites id="" name="" tests="0" failures="0" skipped="0" errors="0" time="1.3386540000000002">
</testsuites>